[neuroqa.com/index.html]
[backblue.gif]
[fade.gif]
[index.html]
[kit.fontawesome.com/53c4b80e1f.js]
[neuroqa.com/assets/css/font-awesome-all.css]
[neuroqa.com/assets/css/flaticon.css]
[neuroqa.com/assets/css/owl.css]
[neuroqa.com/assets/css/bootstrap.css]
[neuroqa.com/assets/css/jquery.fancybox.min.css]
[neuroqa.com/assets/css/animate.css]
[neuroqa.com/assets/css/color/theme-color.css]
[neuroqa.com/assets/css/switcher-style.css]
[neuroqa.com/assets/css/rtl.css]
[neuroqa.com/assets/css/style.css]
[neuroqa.com/assets/css/responsive.css]
[neuroqa.com/index-2.html]
[neuroqa.com/assets/images/logooo.png]
[neuroqa.com/about_us.html]
[neuroqa.com/careers.html]
[neuroqa.com/content.html]
[neuroqa.com/assets/images/main_img.png]
[medium.com/@lana.bozanic/introducing-neuroqa-9d368ee1233d.html]
[neuroqa.com/assets/images/happy_peeps_3.png]
[drive.google.com/file/d/1WGczrppaNcU-stYa-HbfJPVEoQxeB2Ft/view7d09.html]
[neuroqa.com/assets/images/shape/pattern-3.png]
[neuroqa.com/assets/images/sciency_pic_2.png]
[neuroqa.com/assets/js/jquery.js]
[neuroqa.com/assets/js/popper.min.js]
[neuroqa.com/assets/js/bootstrap.min.js]
[neuroqa.com/assets/js/owl.js]
[neuroqa.com/assets/js/wow.js]
[neuroqa.com/assets/js/validation.js]
[neuroqa.com/assets/js/jquery.fancybox.js]
[neuroqa.com/assets/js/appear.js]
[neuroqa.com/assets/js/scrollbar.js]
[neuroqa.com/assets/js/tilt.jquery.js]
[neuroqa.com/assets/js/jQuery.style.switcher.min.js]
[neuroqa.com/assets/js/plugins.js]
[neuroqa.com/assets/js/text_animation.js]
[neuroqa.com/assets/js/script.js]
[neuroqa.com/index.html]
[fonts.googleapis.com/csse3f2.css]
[fonts.googleapis.com/css97ae.css]
[neuroqa.com/assets/fonts/fa-brands-400.eot]
[neuroqa.com/assets/fonts/fa-brands-400d41d.eot]
[neuroqa.com/assets/fonts/fa-brands-400.woff2]
[neuroqa.com/assets/fonts/fa-brands-400.woff]
[neuroqa.com/assets/fonts/fa-brands-400.ttf]
[neuroqa.com/assets/fonts/fa-brands-400.svg]
[neuroqa.com/assets/fonts/fa-regular-400.eot]
[neuroqa.com/assets/fonts/fa-regular-400d41d.eot]
[neuroqa.com/assets/fonts/fa-regular-400.woff2]
[neuroqa.com/assets/fonts/fa-regular-400.woff]
[neuroqa.com/assets/fonts/fa-regular-400.ttf]
[neuroqa.com/assets/fonts/fa-regular-400.svg]
[neuroqa.com/assets/fonts/fa-solid-900.eot]
[neuroqa.com/assets/fonts/fa-solid-900d41d.eot]
[neuroqa.com/assets/fonts/fa-solid-900.woff2]
[neuroqa.com/assets/fonts/fa-solid-900.woff]
[neuroqa.com/assets/fonts/fa-solid-900.ttf]
[neuroqa.com/assets/fonts/fa-solid-900.svg]
[neuroqa.com/assets/css/font-awesome-all.css]
[neuroqa.com/assets/fonts/Flaticon.eot]
[neuroqa.com/assets/fonts/Flaticond41d.eot]
[neuroqa.com/assets/fonts/Flaticon.woff2]
[neuroqa.com/assets/fonts/Flaticon.woff]
[neuroqa.com/assets/fonts/Flaticon.ttf]
[neuroqa.com/assets/fonts/Flaticon.svg]
[neuroqa.com/assets/css/flaticon.css]
[neuroqa.com/assets/css/owl.video.play.png]
[neuroqa.com/assets/css/owl.css]
[neuroqa.com/assets/css/bootstrap.css]
[neuroqa.com/assets/css/jquery.fancybox.min.css]
[neuroqa.com/assets/css/animate.css]
[neuroqa.com/assets/images/preloader.gif]
[neuroqa.com/assets/images/shape/pattern.jpg]
[neuroqa.com/assets/css/imagebg.css]
[neuroqa.com/assets/css/color/theme-color.css]
[neuroqa.com/assets/css/switcher-style.css]
[neuroqa.com/assets/css/rtl.css]
[neuroqa.com/assets/css/style.css]
[neuroqa.com/assets/css/responsive.css]
[neuroqa.com/index-2.html]
[neuroqa.com/assets/images/pattern.png]
[neuroqa.com/assets/images/xtina.jpg]
[neuroqa.com/assets/images/lana.jpg]
[neuroqa.com/miketaylor101.github.io]
[neuroqa.com/assets/images/mikey-headshot.png]
[neuroqa.com/about_us.html]
[neuroqa.com/careers.html]
[neuroqa.com/assets/images/shape/pattern-18.png]
[neuroqa.com/assets/images/neuroqa-article.png]
[neuroqa.com/assets/images/neuroqa-vid.png]
[neuroqa.com/blog-details.html]
[neuroqa.com/assets/images/mikey-microbiome.png]
[neuroqa.com/assets/images/mikey-review.png]
[neuroqa.com/assets/images/shape/pattern-7.png]
[neuroqa.com/assets/images/shape/pattern-8.png]
[neuroqa.com/blog-masonry.html]
[neuroqa.com/assets/images/footer-logo.png]
[neuroqa.com/assets/js/isotope.js]
[neuroqa.com/content.html]
[cdn.optimizely.com/js/16180790160.js]
[cdn-images-1.medium.com/fit/c/152/152/1_8I-HPL0bfoIzGied-dzOvA.png]
[cdn-images-1.medium.com/fit/c/120/120/1_8I-HPL0bfoIzGied-dzOvA.png]
[cdn-images-1.medium.com/fit/c/76/76/1_8I-HPL0bfoIzGied-dzOvA.png]
[cdn-images-1.medium.com/fit/c/60/60/1_8I-HPL0bfoIzGied-dzOvA.png]
[glyph.medium.com/css/e/sr/latin/e/ssr/latin/e/ssb/latin/m2.css]
[medium.com/@lana.bozanic/android-app_/com.medium.reader/https/medium.com/p/9d368ee1233d.59.delayed]
[www.google-analytics.com/analytics.js]
[miro.medium.com/fit/c/96/96/1_MRK4quCUiFydmdGGjqffZQ@2x.jpg]
[medium.com/@lana.bozanic/introducing-neuroqa-9d368ee1233d97ec.html]
[miro.medium.com/max/60/1_O5DBzw9XX2KwVr2UphfE6g6203.jpg]
[miro.medium.com/max/1444/1_O5DBzw9XX2KwVr2UphfE6g.jpg]
[miro.medium.com/max/60/1_007BFDJlwhiVrdTCR9o58A6203.jpg]
[miro.medium.com/max/2310/1_007BFDJlwhiVrdTCR9o58A.jpg]
[miro.medium.com/max/60/1_RTlMoUhfCUyx_GiqUvLNFw6203.png]
[miro.medium.com/max/1000/1_RTlMoUhfCUyx_GiqUvLNFw.png]
[miro.medium.com/fit/c/160/160/1_MRK4quCUiFydmdGGjqffZQ@2x.jpg]
[miro.medium.com/fit/c/80/80/1_MRK4quCUiFydmdGGjqffZQ@2x.jpg]
[miro.medium.com/max/60/1_E4uCRTkhA1M37_aBxHHqzA6203.jpg]
[miro.medium.com/fit/c/140/140/1_E4uCRTkhA1M37_aBxHHqzA.jpg]
[miro.medium.com/max/60/1_VivHql51w0NPUulP39mkUw6203.jpg]
[miro.medium.com/fit/c/140/140/1_VivHql51w0NPUulP39mkUw.jpg]
[miro.medium.com/max/60/1_Hl6wUfNSw1Tq5q5wYUdjWA6203.png]
[miro.medium.com/fit/c/140/140/1_Hl6wUfNSw1Tq5q5wYUdjWA.png]
[miro.medium.com/max/60/1_DD0i22QkENCesCmMUx2hmQ6203.jpg]
[miro.medium.com/fit/c/140/140/1_DD0i22QkENCesCmMUx2hmQ.jpg]
[miro.medium.com/max/60/0_WOX2Pr858i6hupx76203.jpg]
[miro.medium.com/fit/c/140/140/0_WOX2Pr858i6hupx7.jpg]
[miro.medium.com/max/270/1_Crl55Tm6yDNMoucPo1tvDg.png]
[miro.medium.com/max/270/1_W_RAPQ62h0em559zluJLdQ.png]
[medium.com/@lana.bozanic/uxdesign.71.delayed]
[medium.com/@lana.bozanic/psiloveyou.xyz]
[medium.com/@lana.bozanic/betterhumans.coach.me]
[cdn-client.medium.com/lite/static/js/manifest.7578a9a5.js]
[cdn-client.medium.com/lite/static/js/vendors_main.a2563899.chunk.js]
[cdn-client.medium.com/lite/static/js/main.f78a6b97.chunk.js]
[cdn-client.medium.com/lite/static/js/vendors_instrumentation.937ef40a.chunk.js]
[cdn-client.medium.com/lite/static/js/instrumentation.1a5d8d0b.chunk.js]
[cdn-client.medium.com/lite/static/js/reporting.cb7b50b3.chunk.js]
[cdn-client.medium.com/lite/static/js/vendors_AMPPost_CollectionAbout_CollectionHomepage_CollectionHomepagePreview_CollectionNewShortformE_74d53cd4.ee0a8adb.chunk.js]
[cdn-client.medium.com/lite/static/js/vendors_AMPPost_CollectionHomepage_CollectionHomepagePreview_CollectionStyleEditor_CollectionTagged__42f7530a.0dd746e8.chunk.js]
[cdn-client.medium.com/lite/static/js/vendors_AMPPost_CollectionNewShortformEditor_CollectionPostShortformEditor_DebugCachedPost_Post_Sequ_19f09bd3.1bf7a765.chunk.js]
[cdn-client.medium.com/lite/static/js/AMPPost_CollectionHomepage_CollectionHomepagePreview_CollectionNewShortformEditor_CollectionPostShor_250d4f3e.7af56379.chunk.js]
[medium.com/@lana.bozanic/introducing-neuroqa-9d368ee1233d.html]
[cdn-client.medium.com/lite/static/js/Post.1e80def5.chunk.js]
[drive.google.com/file/d/1WGczrppaNcU-stYa-HbfJPVEoQxeB2Ft/Neuroqa-OnePager.80.delayed]
[drive.google.com/file/d/1WGczrppaNcU-stYa-HbfJPVEoQxeB2Ft/view.html]
[drive.google.com/file/d/1WGczrppaNcU-stYa-HbfJPVEoQxeB2Ft/gci_91f30755d6a6b787dcc2a4062e6e9824.82.delayed]
[drive.google.com/file/d/1WGczrppaNcU-stYa-HbfJPVEoQxeB2Ft/view7d09.html]
[neuroqa.com/assets/fonts/fa-brands-400.html]
[neuroqa.com/assets/fonts/fa-brands-400d41d.html]
[neuroqa.com/assets/fonts/fa-brands-401.html]
[neuroqa.com/assets/fonts/fa-brands-402.html]
[neuroqa.com/assets/fonts/fa-brands-403.html]
[neuroqa.com/assets/fonts/fa-brands-404.html]
[neuroqa.com/assets/fonts/fa-regular-400.html]
[neuroqa.com/assets/fonts/fa-regular-400d41d.html]
[neuroqa.com/assets/fonts/fa-regular-401.html]
[neuroqa.com/assets/fonts/fa-regular-402.html]
[neuroqa.com/assets/fonts/fa-regular-403.html]
[neuroqa.com/assets/fonts/fa-regular-404.html]
[neuroqa.com/assets/fonts/fa-solid-900.html]
[neuroqa.com/assets/fonts/fa-solid-900d41d.html]
[neuroqa.com/assets/fonts/fa-solid-901.html]
[neuroqa.com/assets/fonts/fa-solid-902.html]
[neuroqa.com/assets/fonts/fa-solid-903.html]
[neuroqa.com/assets/fonts/fa-solid-904.html]
[neuroqa.com/assets/fonts/Flaticon.html]
[neuroqa.com/assets/fonts/Flaticond41d.html]
[neuroqa.com/assets/fonts/Flaticon-2.html]
[neuroqa.com/assets/fonts/Flaticon-3.html]
[neuroqa.com/assets/fonts/Flaticon-4.html]
[neuroqa.com/assets/fonts/Flaticon-5.html]
[neuroqa.com/assets/css/owl.video.play.html]
[neuroqa.com/assets/images/preloader.html]
[neuroqa.com/assets/images/shape/pattern.html]
[neuroqa.com/miketaylor101.github.html]
[neuroqa.com/assets/images/shape/pattern-18.html]
[neuroqa.com/blog-details.html]
[neuroqa.com/blog-masonry.html]
[neuroqa.com/assets/images/footer-logo.html]
[glyph.medium.com/css/e/sr/latin/e/ssr/latin/e/ssb/latin/m2.css]
[medium.com/@lana.bozanic/android-app_/com.medium.reader/https/medium.com/p/9d368ee1233d.html]
[medium.com/@lana.bozanic/introducing-neuroqa-9d368ee1233d97ec.html]
[medium.com/@lana.bozanic/uxdesign.html]
[medium.com/@lana.bozanic/psiloveyou.html]
[medium.com/@lana.bozanic/betterhumans.coach.html]
[fonts.googleapis.com/css6150.css]
[drive.google.com/file/d/1WGczrppaNcU-stYa-HbfJPVEoQxeB2Ft/Neuroqa-OnePager.html]
[drive.google.com/file/d/1WGczrppaNcU-stYa-HbfJPVEoQxeB2Ft/view.html]
[drive.google.com/file/d/1WGczrppaNcU-stYa-HbfJPVEoQxeB2Ft/gci_91f30755d6a6b787dcc2a4062e6e9824.html]
[drive.google.com/file/d/1WGczrppaNcU-stYa-HbfJPVEoQxeB2Ft/Edg/index.html]
[drive.google.com/file/d/1WGczrppaNcU-stYa-HbfJPVEoQxeB2Ft/+/index.html]
[drive.google.com/file/d/1WGczrppaNcU-stYa-HbfJPVEoQxeB2Ft/Edg/index.html]
[drive.google.com/file/d/1WGczrppaNcU-stYa-HbfJPVEoQxeB2Ft/+/index.html]
